NOKIA5110.c:22:6:HAL_SPI_TxCpltCallback	16	static
NOKIA5110.c:33:13:N5110_Write	16	static
NOKIA5110.c:58:13:N5110_BufferWrite	16	static
NOKIA5110.c:69:6:N5110_Init	8	static
NOKIA5110.c:82:6:N5110_Reset	8	static
NOKIA5110.c:89:6:N5110_SetContrast	16	static
NOKIA5110.c:101:6:N5110_InvertDisplay	16	static
NOKIA5110.c:115:6:N5110_Update	8	static
NOKIA5110.c:127:6:N5110_Clear	16	static
NOKIA5110.c:135:6:N5110_Fill	16	static
NOKIA5110.c:143:6:N5110_SetPixel	24	static
NOKIA5110.c:163:6:N5110_SetFont	16	static
NOKIA5110.c:168:6:N5110_PrintChar	56	static
NOKIA5110.c:228:6:N5110_PrintStr	24	static
NOKIA5110.c:239:6:N5110_DrawHLine	32	static
NOKIA5110.c:247:6:N5110_DrawVLine	32	static
NOKIA5110.c:255:6:N5110_DrawLine	56	static
NOKIA5110.c:348:6:N5110_DrawRect	40	static
NOKIA5110.c:386:6:N5110_DrawRoundRect	40	static
NOKIA5110.c:443:6:N5110_DrawCircle	40	static
NOKIA5110.c:484:6:N5110_DrawBitmap	32	static
