core_cm4.h:1452:22:NVIC_EnableIRQ	16	static
core_cm4.h:1465:22:NVIC_DisableIRQ	16	static
core_cm4.h:1535:22:NVIC_SetPriority	16	static
main.c:27:6:vApplicationIdleHook	4	static
main.c:70:6:USART2_IRQHandler	24	static
main.c:101:5:main	32	static
main.c:145:6:Setup_Config	8	static
main.c:150:6:GPIO_Config	8	static
main.c:170:6:USART_Config	24	static
main.c:187:6:Send_Message	24	static
main.c:196:6:task1_MenuDispHandler	32	static
main.c:206:6:task2_CommandHandlingHandler	32	static
main.c:228:6:task3_CommandProccesHandler	128	static
main.c:271:6:EXIT_API	16	static
main.c:296:6:ERROR_MSG	24	static
main.c:305:6:task4_UartWriteHandler	24	static
main.c:314:6:Led_On	8	static
main.c:318:6:Led_Off	8	static
main.c:323:6:Led_Toggle_On	32	static
main.c:338:6:Led_Toggle_Off	16	static
main.c:342:6:Led_Status	24	static
main.c:348:6:EXIT_App	4	static
main.c:352:6:LED_TOGGLE_FOR_TIMER	8	static
main.c:356:9:getArg	16	static
main.c:360:9:GetCommandVal	16	static
