SEGGER_RTT.c:280:13:_DoInit	16	static
SEGGER_RTT.c:335:17:_WriteBlocking	40	static
SEGGER_RTT.c:399:13:_WriteNoCheck	40	static
SEGGER_RTT.c:463:13:_PostTerminalSwitch	24	static
SEGGER_RTT.c:485:17:_GetAvailWriteSpace	32	static
SEGGER_RTT.c:526:10:SEGGER_RTT_ReadNoLock	48	static
SEGGER_RTT.c:616:10:SEGGER_RTT_Read	32	static
SEGGER_RTT.c:655:6:SEGGER_RTT_WriteWithOverwriteNoLock	40	static
SEGGER_RTT.c:751:10:SEGGER_RTT_WriteSkipNoLock	48	static
SEGGER_RTT.c:895:10:SEGGER_RTT_WriteNoLock	40	static
SEGGER_RTT.c:966:10:SEGGER_RTT_Write	32	static
SEGGER_RTT.c:1003:10:SEGGER_RTT_WriteString	24	static
SEGGER_RTT.c:1033:10:SEGGER_RTT_PutCharSkipNoLock	32	static
SEGGER_RTT.c:1080:10:SEGGER_RTT_PutCharSkip	32	static
SEGGER_RTT.c:1136:10:SEGGER_RTT_PutChar	32	static
SEGGER_RTT.c:1197:5:SEGGER_RTT_GetKey	16	static
SEGGER_RTT.c:1225:5:SEGGER_RTT_WaitKey	16	static
SEGGER_RTT.c:1248:5:SEGGER_RTT_HasKey	16	static
SEGGER_RTT.c:1274:10:SEGGER_RTT_HasData	24	static
SEGGER_RTT.c:1295:10:SEGGER_RTT_HasDataUp	24	static
SEGGER_RTT.c:1323:5:SEGGER_RTT_AllocDownBuffer	32	static
SEGGER_RTT.c:1368:5:SEGGER_RTT_AllocUpBuffer	32	static
SEGGER_RTT.c:1419:5:SEGGER_RTT_ConfigUpBuffer	32	static
SEGGER_RTT.c:1466:5:SEGGER_RTT_ConfigDownBuffer	32	static
SEGGER_RTT.c:1504:5:SEGGER_RTT_SetNameUpBuffer	24	static
SEGGER_RTT.c:1535:5:SEGGER_RTT_SetNameDownBuffer	24	static
SEGGER_RTT.c:1566:5:SEGGER_RTT_SetFlagsUpBuffer	24	static
SEGGER_RTT.c:1597:5:SEGGER_RTT_SetFlagsDownBuffer	24	static
SEGGER_RTT.c:1621:6:SEGGER_RTT_Init	8	static
SEGGER_RTT.c:1639:5:SEGGER_RTT_SetTerminal	40	static
SEGGER_RTT.c:1689:5:SEGGER_RTT_TerminalOut	40	static
