SEGGER_SYSVIEW.c:354:12:_EncodeData	32	static
SEGGER_SYSVIEW.c:388:12:_EncodeStr	32	static
SEGGER_SYSVIEW.c:440:12:_PreparePacket	16	static
SEGGER_SYSVIEW.c:457:13:_HandleIncomingPacket	16	static
SEGGER_SYSVIEW.c:522:12:_TrySendOverflowPacket	56	static
SEGGER_SYSVIEW.c:624:13:_SendPacket	48	static
SEGGER_SYSVIEW.c:763:12:_VPrintHost	144	static
SEGGER_SYSVIEW.c:844:13:_StoreChar	48	static
SEGGER_SYSVIEW.c:886:13:_PrintUnsigned	48	static
SEGGER_SYSVIEW.c:977:13:_PrintInt	40	static
SEGGER_SYSVIEW.c:1050:13:_VPrintTarget	104	static
SEGGER_SYSVIEW.c:1226:6:SEGGER_SYSVIEW_Init	32	static
SEGGER_SYSVIEW.c:1280:6:SEGGER_SYSVIEW_SetRAMBase	16	static
SEGGER_SYSVIEW.c:1294:6:SEGGER_SYSVIEW_RecordVoid	24	static
SEGGER_SYSVIEW.c:1314:6:SEGGER_SYSVIEW_RecordU32	40	static
SEGGER_SYSVIEW.c:1337:6:SEGGER_SYSVIEW_RecordU32x2	56	static
SEGGER_SYSVIEW.c:1362:6:SEGGER_SYSVIEW_RecordU32x3	64	static
SEGGER_SYSVIEW.c:1389:6:SEGGER_SYSVIEW_RecordU32x4	72	static
SEGGER_SYSVIEW.c:1418:6:SEGGER_SYSVIEW_RecordU32x5	80	static
SEGGER_SYSVIEW.c:1449:6:SEGGER_SYSVIEW_RecordU32x6	88	static
SEGGER_SYSVIEW.c:1482:6:SEGGER_SYSVIEW_RecordU32x7	96	static
SEGGER_SYSVIEW.c:1517:6:SEGGER_SYSVIEW_RecordU32x8	104	static
SEGGER_SYSVIEW.c:1554:6:SEGGER_SYSVIEW_RecordU32x9	112	static
SEGGER_SYSVIEW.c:1593:6:SEGGER_SYSVIEW_RecordU32x10	120	static
SEGGER_SYSVIEW.c:1628:6:SEGGER_SYSVIEW_RecordString	32	static
SEGGER_SYSVIEW.c:1657:6:SEGGER_SYSVIEW_Start	56	static
SEGGER_SYSVIEW.c:1703:6:SEGGER_SYSVIEW_Stop	16	static
SEGGER_SYSVIEW.c:1722:6:SEGGER_SYSVIEW_GetSysDesc	56	static
SEGGER_SYSVIEW.c:1750:6:SEGGER_SYSVIEW_SendTaskInfo	80	static
SEGGER_SYSVIEW.c:1777:6:SEGGER_SYSVIEW_SendTaskList	8	static
SEGGER_SYSVIEW.c:1802:6:SEGGER_SYSVIEW_SendSysDesc	32	static
SEGGER_SYSVIEW.c:1820:6:SEGGER_SYSVIEW_RecordSystime	32	static
SEGGER_SYSVIEW.c:1844:6:SEGGER_SYSVIEW_RecordEnterISR	32	static
SEGGER_SYSVIEW.c:1871:6:SEGGER_SYSVIEW_RecordExitISR	16	static
SEGGER_SYSVIEW.c:1893:6:SEGGER_SYSVIEW_RecordExitISRToScheduler	16	static
SEGGER_SYSVIEW.c:1911:6:SEGGER_SYSVIEW_RecordEnterTimer	40	static
SEGGER_SYSVIEW.c:1929:6:SEGGER_SYSVIEW_RecordExitTimer	16	static
SEGGER_SYSVIEW.c:1947:6:SEGGER_SYSVIEW_RecordEndCall	40	static
SEGGER_SYSVIEW.c:1969:6:SEGGER_SYSVIEW_RecordEndCallU32	48	static
SEGGER_SYSVIEW.c:1988:6:SEGGER_SYSVIEW_OnIdle	16	static
SEGGER_SYSVIEW.c:2007:6:SEGGER_SYSVIEW_OnTaskCreate	40	static
SEGGER_SYSVIEW.c:2032:6:SEGGER_SYSVIEW_OnTaskTerminate	40	static
SEGGER_SYSVIEW.c:2056:6:SEGGER_SYSVIEW_OnTaskStartExec	40	static
SEGGER_SYSVIEW.c:2076:6:SEGGER_SYSVIEW_OnTaskStopExec	16	static
SEGGER_SYSVIEW.c:2094:6:SEGGER_SYSVIEW_OnTaskStartReady	40	static
SEGGER_SYSVIEW.c:2117:6:SEGGER_SYSVIEW_OnTaskStopReady	48	static
SEGGER_SYSVIEW.c:2140:6:SEGGER_SYSVIEW_OnUserStart	40	static
SEGGER_SYSVIEW.c:2161:6:SEGGER_SYSVIEW_OnUserStop	40	static
SEGGER_SYSVIEW.c:2183:6:SEGGER_SYSVIEW_NameResource	40	static
SEGGER_SYSVIEW.c:2212:5:SEGGER_SYSVIEW_SendPacket	32	static
SEGGER_SYSVIEW.c:2239:5:SEGGER_SYSVIEW_EncodeU32	24	static
SEGGER_SYSVIEW.c:2266:5:SEGGER_SYSVIEW_EncodeString	24	static
SEGGER_SYSVIEW.c:2292:5:SEGGER_SYSVIEW_EncodeData	24	static
SEGGER_SYSVIEW.c:2320:5:SEGGER_SYSVIEW_EncodeId	24	static
SEGGER_SYSVIEW.c:2348:5:SEGGER_SYSVIEW_ShrinkId	16	static
SEGGER_SYSVIEW.c:2370:6:SEGGER_SYSVIEW_RegisterModule	24	static
SEGGER_SYSVIEW.c:2411:6:SEGGER_SYSVIEW_RecordModuleDescription	56	static
SEGGER_SYSVIEW.c:2452:6:SEGGER_SYSVIEW_SendModule	56	static
SEGGER_SYSVIEW.c:2491:6:SEGGER_SYSVIEW_SendModuleDescription	16	static
SEGGER_SYSVIEW.c:2512:6:SEGGER_SYSVIEW_SendNumModules	32	static
SEGGER_SYSVIEW.c:2539:6:SEGGER_SYSVIEW_PrintfHostEx	28	static
SEGGER_SYSVIEW.c:2573:6:SEGGER_SYSVIEW_PrintfHost	16	static
SEGGER_SYSVIEW.c:2608:6:SEGGER_SYSVIEW_WarnfHost	16	static
SEGGER_SYSVIEW.c:2643:6:SEGGER_SYSVIEW_ErrorfHost	16	static
SEGGER_SYSVIEW.c:2676:6:SEGGER_SYSVIEW_PrintfTargetEx	28	static
SEGGER_SYSVIEW.c:2695:6:SEGGER_SYSVIEW_PrintfTarget	16	static
SEGGER_SYSVIEW.c:2714:6:SEGGER_SYSVIEW_WarnfTarget	16	static
SEGGER_SYSVIEW.c:2733:6:SEGGER_SYSVIEW_ErrorfTarget	16	static
SEGGER_SYSVIEW.c:2752:6:SEGGER_SYSVIEW_Print	48	static
SEGGER_SYSVIEW.c:2774:6:SEGGER_SYSVIEW_Warn	48	static
SEGGER_SYSVIEW.c:2796:6:SEGGER_SYSVIEW_Error	48	static
SEGGER_SYSVIEW.c:2818:6:SEGGER_SYSVIEW_EnableEvents	16	static
SEGGER_SYSVIEW.c:2832:6:SEGGER_SYSVIEW_DisableEvents	16	static
SEGGER_SYSVIEW.c:2847:5:SEGGER_SYSVIEW_IsStarted	8	static
